node.exe : FAIL src/__tests__/api_authorization.test.js (5.383 s)
At line:1 char:1
+ & "C:\Program Files\nodejs/node.exe" "C:\Program Files\nodejs/node_mo ...
+ ~~~~~~~~~~~~~~~~~~~~~~~~~~~~~~~~~~~~~~~~~~~~~~~~~~~~~~~~~~~~~~~~~~~~~
    + CategoryInfo          : NotSpecified: (FAIL src/__test...st.js (5.383 s):String) [], 
    RemoteException
    + FullyQualifiedErrorId : NativeCommandError
 
  API Authorization Property Tests
    Property 16: API Forbidden Response
      ├ù should return 403 Forbidden for unauthorized requests (21 ms)
    Property 6: Assignment Submission Processing
      ├ù students should have full CRUD access to their own submissions (10 ms)
    Property 7: Assignment Update Before Deadline
      ├ù should reject submissions after the deadline (11 ms)
    Property 8: Draft Assignment Deletion
      ├ù should only allow deletion of draft assignments (11 ms)

  ÔùÅ API Authorization Property Tests ÔÇ║ Property 16: API Forbidden Response ÔÇ║ should 
return 403 Forbidden for unauthorized requests

    MongooseError: Can't call `openUri()` on an active connection with different 
connection strings. Make sure you aren't calling `mongoose.connect()` multiple times. See: 
https://mongoosejs.com/docs/connections.html#multiple_connections

    [0m [90m 23 |[39m     beforeAll([36masync[39m () [33m=>[39m {
     [90m 24 |[39m         mongoServer [33m=[39m [36mawait[39m 
[33mMongoMemoryServer[39m[33m.[39mcreate()[33m;[39m
    [31m[1m>[22m[39m[90m 25 |[39m         [36mawait[39m 
mongoose[33m.[39mconnect(mongoServer[33m.[39mgetUri())[33m;[39m
     [90m    |[39m                        [31m[1m^[22m[39m
     [90m 26 |[39m
     [90m 27 |[39m         app [33m=[39m express()[33m;[39m
     [90m 28 |[39m         app[33m.[39muse(express[33m.[39mjson())[33m;[39m[0m

      at NativeConnection.createClient 
(node_modules/mongoose/lib/drivers/node-mongodb-native/connection.js:251:13)
      at NativeConnection.openUri (node_modules/mongoose/lib/connection.js:1075:34)
      at Mongoose.connect (node_modules/mongoose/lib/mongoose.js:450:15)
      at Object.connect (src/__tests__/api_authorization.test.js:25:24)

  ÔùÅ API Authorization Property Tests ÔÇ║ Property 6: Assignment Submission Processing 
ÔÇ║ students should have full CRUD access to their own submissions

    MongooseError: Can't call `openUri()` on an active connection with different 
connection strings. Make sure you aren't calling `mongoose.connect()` multiple times. See: 
https://mongoosejs.com/docs/connections.html#multiple_connections

    [0m [90m 23 |[39m     beforeAll([36masync[39m () [33m=>[39m {
     [90m 24 |[39m         mongoServer [33m=[39m [36mawait[39m 
[33mMongoMemoryServer[39m[33m.[39mcreate()[33m;[39m
    [31m[1m>[22m[39m[90m 25 |[39m         [36mawait[39m 
mongoose[33m.[39mconnect(mongoServer[33m.[39mgetUri())[33m;[39m
     [90m    |[39m                        [31m[1m^[22m[39m
     [90m 26 |[39m
     [90m 27 |[39m         app [33m=[39m express()[33m;[39m
     [90m 28 |[39m         app[33m.[39muse(express[33m.[39mjson())[33m;[39m[0m

      at NativeConnection.createClient 
(node_modules/mongoose/lib/drivers/node-mongodb-native/connection.js:251:13)
      at NativeConnection.openUri (node_modules/mongoose/lib/connection.js:1075:34)
      at Mongoose.connect (node_modules/mongoose/lib/mongoose.js:450:15)
      at Object.connect (src/__tests__/api_authorization.test.js:25:24)

  ÔùÅ API Authorization Property Tests ÔÇ║ Property 7: Assignment Update Before Deadline 
ÔÇ║ should reject submissions after the deadline

    MongooseError: Can't call `openUri()` on an active connection with different 
connection strings. Make sure you aren't calling `mongoose.connect()` multiple times. See: 
https://mongoosejs.com/docs/connections.html#multiple_connections

    [0m [90m 23 |[39m     beforeAll([36masync[39m () [33m=>[39m {
     [90m 24 |[39m         mongoServer [33m=[39m [36mawait[39m 
[33mMongoMemoryServer[39m[33m.[39mcreate()[33m;[39m
    [31m[1m>[22m[39m[90m 25 |[39m         [36mawait[39m 
mongoose[33m.[39mconnect(mongoServer[33m.[39mgetUri())[33m;[39m
     [90m    |[39m                        [31m[1m^[22m[39m
     [90m 26 |[39m
     [90m 27 |[39m         app [33m=[39m express()[33m;[39m
     [90m 28 |[39m         app[33m.[39muse(express[33m.[39mjson())[33m;[39m[0m

      at NativeConnection.createClient 
(node_modules/mongoose/lib/drivers/node-mongodb-native/connection.js:251:13)
      at NativeConnection.openUri (node_modules/mongoose/lib/connection.js:1075:34)
      at Mongoose.connect (node_modules/mongoose/lib/mongoose.js:450:15)
      at Object.connect (src/__tests__/api_authorization.test.js:25:24)

  ÔùÅ API Authorization Property Tests ÔÇ║ Property 7: Assignment Update Before Deadline 
ÔÇ║ should reject submissions after the deadline

    TypeError: Cannot read properties of undefined (reading 'post')

    [0m [90m 103 |[39m         beforeAll(() [33m=>[39m {
     [90m 104 |[39m             [90m// Setup submission route using the actual 
controller[39m
    [31m[1m>[22m[39m[90m 105 |[39m             
app[33m.[39mpost([32m'/api/assignments/:id/submit'[39m[33m,[39m
     [90m     |[39m                 [31m[1m^[22m[39m
     [90m 106 |[39m                 (req[33m,[39m res[33m,[39m next) [33m=>[39m {
     [90m 107 |[39m                     req[33m.[39muser [33m=[39m { _id[33m:[39m 
[36mnew[39m mongoose[33m.[39m[33mTypes[39m[33m.[39m[33mObjectId[39m()[33m,[39m 
role[33m:[39m [32m'student'[39m[33m,[39m tenantId[33m:[39m [32m'tenant1'[39m 
}[33m;[39m
     [90m 108 |[39m                     next()[33m;[39m[0m

      at Object.post (src/__tests__/api_authorization.test.js:105:17)

  ÔùÅ API Authorization Property Tests ÔÇ║ Property 8: Draft Assignment Deletion ÔÇ║ 
should only allow deletion of draft assignments

    MongooseError: Can't call `openUri()` on an active connection with different 
connection strings. Make sure you aren't calling `mongoose.connect()` multiple times. See: 
https://mongoosejs.com/docs/connections.html#multiple_connections

    [0m [90m 23 |[39m     beforeAll([36masync[39m () [33m=>[39m {
     [90m 24 |[39m         mongoServer [33m=[39m [36mawait[39m 
[33mMongoMemoryServer[39m[33m.[39mcreate()[33m;[39m
    [31m[1m>[22m[39m[90m 25 |[39m         [36mawait[39m 
mongoose[33m.[39mconnect(mongoServer[33m.[39mgetUri())[33m;[39m
     [90m    |[39m                        [31m[1m^[22m[39m
     [90m 26 |[39m
     [90m 27 |[39m         app [33m=[39m express()[33m;[39m
     [90m 28 |[39m         app[33m.[39muse(express[33m.[39mjson())[33m;[39m[0m

      at NativeConnection.createClient 
(node_modules/mongoose/lib/drivers/node-mongodb-native/connection.js:251:13)
      at NativeConnection.openUri (node_modules/mongoose/lib/connection.js:1075:34)
      at Mongoose.connect (node_modules/mongoose/lib/mongoose.js:450:15)
      at Object.connect (src/__tests__/api_authorization.test.js:25:24)

  ÔùÅ API Authorization Property Tests ÔÇ║ Property 8: Draft Assignment Deletion ÔÇ║ 
should only allow deletion of draft assignments

    TypeError: Cannot read properties of undefined (reading 'delete')

    [0m [90m 143 |[39m         beforeAll(() [33m=>[39m {
     [90m 144 |[39m             [90m// Setup delete route[39m
    [31m[1m>[22m[39m[90m 145 |[39m             
app[33m.[39m[36mdelete[39m([32m'/api/assignments/:id'[39m[33m,[39m
     [90m     |[39m                 [31m[1m^[22m[39m
     [90m 146 |[39m                 (req[33m,[39m res[33m,[39m next) [33m=>[39m {
     [90m 147 |[39m                     req[33m.[39muser [33m=[39m { _id[33m:[39m 
[36mnew[39m mongoose[33m.[39m[33mTypes[39m[33m.[39m[33mObjectId[39m()[33m,[39m 
role[33m:[39m [32m'teacher'[39m[33m,[39m tenantId[33m:[39m [32m'tenant1'[39m 
}[33m;[39m
     [90m 148 |[39m                     next()[33m;[39m[0m

      at Object.delete (src/__tests__/api_authorization.test.js:145:17)

Test Suites: 1 failed, 1 total
Tests:       4 failed, 4 total
Snapshots:   0 total
Time:        5.615 s, estimated 6 s
Ran all test suites matching src/__tests__/api_authorization.test.js.
